     1                                  ;================================================
     2                                  ;                        (c) Rustam4ik, 2029 - 7
     3                                  ;================================================
     4                                  
     5                                  extern printf
     6                                  
     7                                  ;================================================
     8                                  
     9                                  section .text
    10                                  
    11                                  ;==================MainBody======================
    12                                  
    13                                  global _start 
    14                                  _start:
    15                                  
    16 00000000 488D3C25[00000000]      	lea rdi, [Format]
    17 00000008 B800000000              	mov rax, 0
    18                                  
    19 0000000D E8(00000000)            	call printf
    20                                  	
    21                                  	;mov rdi, [stdout]
    22                                  	;call fflush
    23                                  	
    24 00000012 B83C000000              	mov rax, 0x3c	; exit (rdi)
    25 00000017 4831FF                  	xor rdi, rdi
    26 0000001A 0F05                    	syscall
    27                                  
    28                                  ;================================================
    29                                  
    30                                  section .data
    31                                  
    32 00000000 48656C6C6F20576F72-     Format db "Hello World %d", 0Ah, 0
    32 00000009 6C642025640A00     
